{"main":{"css":["main.d041ca9b5a7988c03bc9.css"],"js":["main.js"]}}