{"main":{"css":["main.34a65d9c4e8878415a48.css"],"js":["main.js"],"css.map":["main.34a65d9c4e8878415a48.css.map"],"js.map":["main.js.map"]}}