{"main":{"css":["main.79f725510ea068595298.css"],"js":["main.js"]}}