{"main":{"css":["main.b2c8a829edacd14c08b3.css"],"js":["main.js"]}}